// Jest Snapshot v1, https://goo.gl/fbAQLP

exports[`br.html.test 1`] = `
====================================options=====================================
parsers: ["test"]
printWidth: 80
                                                                                | printWidth
=====================================input======================================
<div>
  <br><% %>
</div>

<div>
  <% %><br><% %>
</div>

<div>
  <% %><br>
</div>

<div>
  <% %> <br /> <% %>
</div>


<div>
  <% %>
   <br />
    <% %>
</div>

=====================================output=====================================
<div>
  <br />
  <% %>
</div>

<div>
  <% %><br />
  <% %>
</div>

<div><% %><br /></div>

<div>
  <% %> <br />
  <% %>
</div>

<div>
  <% %>
  <br />
  <% %>
</div>

================================================================================
`;
